I'm sorry, but errors were detected in your script. Please correct the
errors listed below, and try again.


File "game/script.rpy", line 119: expected 'comma or end of line' not found.
    $ is_shooting = False
    ^

File "game/script.rpy", line 122: expected 'comma or end of line' not found.
    "scope" at firing
            ^

Ren'Py Version: Ren'Py 7.2.0.424
Sat Nov 09 14:06:04 2019
